Archive member included to satisfy reference by file (symbol)

/opt/st/stm32cubeide_1.10.0/plugins/com.st.stm32cube.ide.mcu.externaltools.gnu-tools-for-stm32.10.3-2021.10.linux64_1.0.0.202111181127/tools/bin/../lib/gcc/arm-none-eabi/10.3.1/../../../../arm-none-eabi/lib/thumb/v7e-m+fp/hard/libc_nano.a(lib_a-errno.o)
                              ./Core/Src/syscalls.o (__errno)
/opt/st/stm32cubeide_1.10.0/plugins/com.st.stm32cube.ide.mcu.externaltools.gnu-tools-for-stm32.10.3-2021.10.linux64_1.0.0.202111181127/tools/bin/../lib/gcc/arm-none-eabi/10.3.1/../../../../arm-none-eabi/lib/thumb/v7e-m+fp/hard/libc_nano.a(lib_a-exit.o)
                              /opt/st/stm32cubeide_1.10.0/plugins/com.st.stm32cube.ide.mcu.externaltools.gnu-tools-for-stm32.10.3-2021.10.linux64_1.0.0.202111181127/tools/bin/../lib/gcc/arm-none-eabi/10.3.1/../../../../arm-none-eabi/lib/thumb/v7e-m+fp/hard/crt0.o (exit)
/opt/st/stm32cubeide_1.10.0/plugins/com.st.stm32cube.ide.mcu.externaltools.gnu-tools-for-stm32.10.3-2021.10.linux64_1.0.0.202111181127/tools/bin/../lib/gcc/arm-none-eabi/10.3.1/../../../../arm-none-eabi/lib/thumb/v7e-m+fp/hard/libc_nano.a(lib_a-impure.o)
                              /opt/st/stm32cubeide_1.10.0/plugins/com.st.stm32cube.ide.mcu.externaltools.gnu-tools-for-stm32.10.3-2021.10.linux64_1.0.0.202111181127/tools/bin/../lib/gcc/arm-none-eabi/10.3.1/../../../../arm-none-eabi/lib/thumb/v7e-m+fp/hard/libc_nano.a(lib_a-exit.o) (_global_impure_ptr)
/opt/st/stm32cubeide_1.10.0/plugins/com.st.stm32cube.ide.mcu.externaltools.gnu-tools-for-stm32.10.3-2021.10.linux64_1.0.0.202111181127/tools/bin/../lib/gcc/arm-none-eabi/10.3.1/../../../../arm-none-eabi/lib/thumb/v7e-m+fp/hard/libc_nano.a(lib_a-init.o)
                              /opt/st/stm32cubeide_1.10.0/plugins/com.st.stm32cube.ide.mcu.externaltools.gnu-tools-for-stm32.10.3-2021.10.linux64_1.0.0.202111181127/tools/bin/../lib/gcc/arm-none-eabi/10.3.1/../../../../arm-none-eabi/lib/thumb/v7e-m+fp/hard/crt0.o (__libc_init_array)
/opt/st/stm32cubeide_1.10.0/plugins/com.st.stm32cube.ide.mcu.externaltools.gnu-tools-for-stm32.10.3-2021.10.linux64_1.0.0.202111181127/tools/bin/../lib/gcc/arm-none-eabi/10.3.1/../../../../arm-none-eabi/lib/thumb/v7e-m+fp/hard/libc_nano.a(lib_a-memset.o)
                              /opt/st/stm32cubeide_1.10.0/plugins/com.st.stm32cube.ide.mcu.externaltools.gnu-tools-for-stm32.10.3-2021.10.linux64_1.0.0.202111181127/tools/bin/../lib/gcc/arm-none-eabi/10.3.1/../../../../arm-none-eabi/lib/thumb/v7e-m+fp/hard/crt0.o (memset)
/opt/st/stm32cubeide_1.10.0/plugins/com.st.stm32cube.ide.mcu.externaltools.gnu-tools-for-stm32.10.3-2021.10.linux64_1.0.0.202111181127/tools/bin/../lib/gcc/arm-none-eabi/10.3.1/thumb/v7e-m+fp/hard/libgcc.a(_aeabi_uldivmod.o)
                              ./Drivers/STM32F4xx_HAL_Driver/stm32f4xx_hal_rcc.o (__aeabi_uldivmod)
/opt/st/stm32cubeide_1.10.0/plugins/com.st.stm32cube.ide.mcu.externaltools.gnu-tools-for-stm32.10.3-2021.10.linux64_1.0.0.202111181127/tools/bin/../lib/gcc/arm-none-eabi/10.3.1/thumb/v7e-m+fp/hard/libgcc.a(_udivmoddi4.o)
                              /opt/st/stm32cubeide_1.10.0/plugins/com.st.stm32cube.ide.mcu.externaltools.gnu-tools-for-stm32.10.3-2021.10.linux64_1.0.0.202111181127/tools/bin/../lib/gcc/arm-none-eabi/10.3.1/thumb/v7e-m+fp/hard/libgcc.a(_aeabi_uldivmod.o) (__udivmoddi4)
/opt/st/stm32cubeide_1.10.0/plugins/com.st.stm32cube.ide.mcu.externaltools.gnu-tools-for-stm32.10.3-2021.10.linux64_1.0.0.202111181127/tools/bin/../lib/gcc/arm-none-eabi/10.3.1/thumb/v7e-m+fp/hard/libgcc.a(_dvmd_tls.o)
                              /opt/st/stm32cubeide_1.10.0/plugins/com.st.stm32cube.ide.mcu.externaltools.gnu-tools-for-stm32.10.3-2021.10.linux64_1.0.0.202111181127/tools/bin/../lib/gcc/arm-none-eabi/10.3.1/thumb/v7e-m+fp/hard/libgcc.a(_aeabi_uldivmod.o) (__aeabi_ldiv0)

Discarded input sections

 .text          0x0000000000000000        0x0 /opt/st/stm32cubeide_1.10.0/plugins/com.st.stm32cube.ide.mcu.externaltools.gnu-tools-for-stm32.10.3-2021.10.linux64_1.0.0.202111181127/tools/bin/../lib/gcc/arm-none-eabi/10.3.1/thumb/v7e-m+fp/hard/crti.o
 .data          0x0000000000000000        0x0 /opt/st/stm32cubeide_1.10.0/plugins/com.st.stm32cube.ide.mcu.externaltools.gnu-tools-for-stm32.10.3-2021.10.linux64_1.0.0.202111181127/tools/bin/../lib/gcc/arm-none-eabi/10.3.1/thumb/v7e-m+fp/hard/crti.o
 .bss           0x0000000000000000        0x0 /opt/st/stm32cubeide_1.10.0/plugins/com.st.stm32cube.ide.mcu.externaltools.gnu-tools-for-stm32.10.3-2021.10.linux64_1.0.0.202111181127/tools/bin/../lib/gcc/arm-none-eabi/10.3.1/thumb/v7e-m+fp/hard/crti.o
 .data          0x0000000000000000        0x4 /opt/st/stm32cubeide_1.10.0/plugins/com.st.stm32cube.ide.mcu.externaltools.gnu-tools-for-stm32.10.3-2021.10.linux64_1.0.0.202111181127/tools/bin/../lib/gcc/arm-none-eabi/10.3.1/thumb/v7e-m+fp/hard/crtbegin.o
[...]
Memory Configuration

Name             Origin             Length             Attributes
CCMRAM           0x0000000010000000 0x0000000000010000 xrw
RAM              0x0000000020000000 0x0000000000030000 xrw
FLASH            0x0000000008000000 0x0000000000100000 xr
*default*        0x0000000000000000 0xffffffffffffffff

Linker script and memory map

LOAD /opt/st/stm32cubeide_1.10.0/plugins/com.st.stm32cube.ide.mcu.externaltools.gnu-tools-for-stm32.10.3-2021.10.linux64_1.0.0.202111181127/tools/bin/../lib/gcc/arm-none-eabi/10.3.1/thumb/v7e-m+fp/hard/crti.o
LOAD /opt/st/stm32cubeide_1.10.0/plugins/com.st.stm32cube.ide.mcu.externaltools.gnu-tools-for-stm32.10.3-2021.10.linux64_1.0.0.202111181127/tools/bin/../lib/gcc/arm-none-eabi/10.3.1/thumb/v7e-m+fp/hard/crtbegin.o
LOAD /opt/st/stm32cubeide_1.10.0/plugins/com.st.stm32cube.ide.mcu.externaltools.gnu-tools-for-stm32.10.3-2021.10.linux64_1.0.0.202111181127/tools/bin/../lib/gcc/arm-none-eabi/10.3.1/../../../../arm-none-eabi/lib/thumb/v7e-m+fp/hard/crt0.o
LOAD ./Core/Src/LCD_LTDC.o
LOAD ./Core/Src/dma2d.o
LOAD ./Core/Src/fmc.o
LOAD ./Core/Src/gpio.o
LOAD ./Core/Src/ltdc.o
LOAD ./Core/Src/main.o
LOAD ./Core/Src/sdram.o
LOAD ./Core/Src/stm32f4xx_hal_msp.o
LOAD ./Core/Src/stm32f4xx_it.o
LOAD ./Core/Src/syscalls.o
LOAD ./Core/Src/sysmem.o
LOAD ./Core/Src/system_stm32f4xx.o
LOAD ./Core/Src/usart.o
LOAD ./Core/Src/fonts/font12.o
LOAD ./Core/Src/fonts/font12CN.o
LOAD ./Core/Src/fonts/font16.o
LOAD ./Core/Src/fonts/font20.o
LOAD ./Core/Src/fonts/font24.o
LOAD ./Core/Src/fonts/font24CN.o
LOAD ./Core/Src/fonts/font8.o
LOAD ./Core/Startup/startup_stm32f429igtx.o
LOAD ./Drivers/STM32F4xx_HAL_Driver/stm32f4xx_hal.o
LOAD ./Drivers/STM32F4xx_HAL_Driver/stm32f4xx_hal_cortex.o
LOAD ./Drivers/STM32F4xx_HAL_Driver/stm32f4xx_hal_dma.o
LOAD ./Drivers/STM32F4xx_HAL_Driver/stm32f4xx_hal_dma2d.o
LOAD ./Drivers/STM32F4xx_HAL_Driver/stm32f4xx_hal_dma_ex.o
LOAD ./Drivers/STM32F4xx_HAL_Driver/stm32f4xx_hal_dsi.o
LOAD ./Drivers/STM32F4xx_HAL_Driver/stm32f4xx_hal_exti.o
LOAD ./Drivers/STM32F4xx_HAL_Driver/stm32f4xx_hal_flash.o
LOAD ./Drivers/STM32F4xx_HAL_Driver/stm32f4xx_hal_flash_ex.o
LOAD ./Drivers/STM32F4xx_HAL_Driver/stm32f4xx_hal_flash_ramfunc.o
LOAD ./Drivers/STM32F4xx_HAL_Driver/stm32f4xx_hal_gpio.o
LOAD ./Drivers/STM32F4xx_HAL_Driver/stm32f4xx_hal_ltdc.o
LOAD ./Drivers/STM32F4xx_HAL_Driver/stm32f4xx_hal_ltdc_ex.o
LOAD ./Drivers/STM32F4xx_HAL_Driver/stm32f4xx_hal_pwr.o
LOAD ./Drivers/STM32F4xx_HAL_Driver/stm32f4xx_hal_pwr_ex.o
LOAD ./Drivers/STM32F4xx_HAL_Driver/stm32f4xx_hal_rcc.o
LOAD ./Drivers/STM32F4xx_HAL_Driver/stm32f4xx_hal_rcc_ex.o
LOAD ./Drivers/STM32F4xx_HAL_Driver/stm32f4xx_hal_sdram.o
LOAD ./Drivers/STM32F4xx_HAL_Driver/stm32f4xx_hal_tim.o
LOAD ./Drivers/STM32F4xx_HAL_Driver/stm32f4xx_hal_tim_ex.o
LOAD ./Drivers/STM32F4xx_HAL_Driver/stm32f4xx_hal_uart.o
LOAD ./Drivers/STM32F4xx_HAL_Driver/stm32f4xx_ll_fmc.o
START GROUP
LOAD /opt/st/stm32cubeide_1.10.0/plugins/com.st.stm32cube.ide.mcu.externaltools.gnu-tools-for-stm32.10.3-2021.10.linux64_1.0.0.202111181127/tools/bin/../lib/gcc/arm-none-eabi/10.3.1/../../../../arm-none-eabi/lib/thumb/v7e-m+fp/hard/libc_nano.a
LOAD /opt/st/stm32cubeide_1.10.0/plugins/com.st.stm32cube.ide.mcu.externaltools.gnu-tools-for-stm32.10.3-2021.10.linux64_1.0.0.202111181127/tools/bin/../lib/gcc/arm-none-eabi/10.3.1/../../../../arm-none-eabi/lib/thumb/v7e-m+fp/hard/libm.a
END GROUP
START GROUP
LOAD /opt/st/stm32cubeide_1.10.0/plugins/com.st.stm32cube.ide.mcu.externaltools.gnu-tools-for-stm32.10.3-2021.10.linux64_1.0.0.202111181127/tools/bin/../lib/gcc/arm-none-eabi/10.3.1/thumb/v7e-m+fp/hard/libgcc.a
LOAD /opt/st/stm32cubeide_1.10.0/plugins/com.st.stm32cube.ide.mcu.externaltools.gnu-tools-for-stm32.10.3-2021.10.linux64_1.0.0.202111181127/tools/bin/../lib/gcc/arm-none-eabi/10.3.1/../../../../arm-none-eabi/lib/thumb/v7e-m+fp/hard/libc_nano.a
END GROUP
START GROUP
LOAD /opt/st/stm32cubeide_1.10.0/plugins/com.st.stm32cube.ide.mcu.externaltools.gnu-tools-for-stm32.10.3-2021.10.linux64_1.0.0.202111181127/tools/bin/../lib/gcc/arm-none-eabi/10.3.1/thumb/v7e-m+fp/hard/libgcc.a
LOAD /opt/st/stm32cubeide_1.10.0/plugins/com.st.stm32cube.ide.mcu.externaltools.gnu-tools-for-stm32.10.3-2021.10.linux64_1.0.0.202111181127/tools/bin/../lib/gcc/arm-none-eabi/10.3.1/../../../../arm-none-eabi/lib/thumb/v7e-m+fp/hard/libc_nano.a
LOAD /opt/st/stm32cubeide_1.10.0/plugins/com.st.stm32cube.ide.mcu.externaltools.gnu-tools-for-stm32.10.3-2021.10.linux64_1.0.0.202111181127/tools/bin/../lib/gcc/arm-none-eabi/10.3.1/../../../../arm-none-eabi/lib/thumb/v7e-m+fp/hard/libnosys.a
END GROUP
START GROUP
LOAD /opt/st/stm32cubeide_1.10.0/plugins/com.st.stm32cube.ide.mcu.externaltools.gnu-tools-for-stm32.10.3-2021.10.linux64_1.0.0.202111181127/tools/bin/../lib/gcc/arm-none-eabi/10.3.1/thumb/v7e-m+fp/hard/libgcc.a
LOAD /opt/st/stm32cubeide_1.10.0/plugins/com.st.stm32cube.ide.mcu.externaltools.gnu-tools-for-stm32.10.3-2021.10.linux64_1.0.0.202111181127/tools/bin/../lib/gcc/arm-none-eabi/10.3.1/../../../../arm-none-eabi/lib/thumb/v7e-m+fp/hard/libc_nano.a
LOAD /opt/st/stm32cubeide_1.10.0/plugins/com.st.stm32cube.ide.mcu.externaltools.gnu-tools-for-stm32.10.3-2021.10.linux64_1.0.0.202111181127/tools/bin/../lib/gcc/arm-none-eabi/10.3.1/../../../../arm-none-eabi/lib/thumb/v7e-m+fp/hard/libnosys.a
END GROUP
LOAD /opt/st/stm32cubeide_1.10.0/plugins/com.st.stm32cube.ide.mcu.externaltools.gnu-tools-for-stm32.10.3-2021.10.linux64_1.0.0.202111181127/tools/bin/../lib/gcc/arm-none-eabi/10.3.1/thumb/v7e-m+fp/hard/crtend.o
LOAD /opt/st/stm32cubeide_1.10.0/plugins/com.st.stm32cube.ide.mcu.externaltools.gnu-tools-for-stm32.10.3-2021.10.linux64_1.0.0.202111181127/tools/bin/../lib/gcc/arm-none-eabi/10.3.1/thumb/v7e-m+fp/hard/crtn.o
                0x0000000020030000                _estack = (ORIGIN (RAM) + LENGTH (RAM))
                0x0000000000001000                _Min_Heap_Size = 0x1000
                0x0000000000001000                _Min_Stack_Size = 0x1000

.isr_vector     0x0000000008000000      0x1ac
                0x0000000008000000                . = ALIGN (0x4)
 *(.isr_vector)
 .isr_vector    0x0000000008000000      0x1ac ./Core/Startup/startup_stm32f429igtx.o
                0x0000000008000000                g_pfnVectors
                0x00000000080001ac                . = ALIGN (0x4)

.text           0x00000000080001ac     0x3bdc
                0x00000000080001ac                . = ALIGN (0x4)
 *(.text)
 .text          0x00000000080001ac       0x40 /opt/st/stm32cubeide_1.10.0/plugins/com.st.stm32cube.ide.mcu.externaltools.gnu-tools-for-stm32.10.3-2021.10.linux64_1.0.0.202111181127/tools/bin/../lib/gcc/arm-none-eabi/10.3.1/thumb/v7e-m+fp/hard/crtbegin.o
 .text          0x00000000080001ec       0x30 /opt/st/stm32cubeide_1.10.0/plugins/com.st.stm32cube.ide.mcu.externaltools.gnu-tools-for-stm32.10.3-2021.10.linux64_1.0.0.202111181127/tools/bin/../lib/gcc/arm-none-eabi/10.3.1/thumb/v7e-m+fp/hard/libgcc.a(_aeabi_uldivmod.o)
                0x00000000080001ec                __aeabi_uldivmod
 .text          0x000000000800021c      0x2d0 /opt/st/stm32cubeide_1.10.0/plugins/com.st.stm32cube.ide.mcu.externaltools.gnu-tools-for-stm32.10.3-2021.10.linux64_1.0.0.202111181127/tools/bin/../lib/gcc/arm-none-eabi/10.3.1/thumb/v7e-m+fp/hard/libgcc.a(_udivmoddi4.o)
                0x000000000800021c                __udivmoddi4
 .text          0x00000000080004ec        0x4 /opt/st/stm32cubeide_1.10.0/plugins/com.st.stm32cube.ide.mcu.externaltools.gnu-tools-for-stm32.10.3-2021.10.linux64_1.0.0.202111181127/tools/bin/../lib/gcc/arm-none-eabi/10.3.1/thumb/v7e-m+fp/hard/libgcc.a(_dvmd_tls.o)
                0x00000000080004ec                __aeabi_ldiv0
                0x00000000080004ec                __aeabi_idiv0
 *(.text*)
 .text.BSP_LCD_Init
                0x00000000080004f0       0x3a ./Core/Src/LCD_LTDC.o
                0x00000000080004f0                BSP_LCD_Init
 *fill*         0x000000000800052a        0x2 
 .text.BSP_LCD_GetXSize
                0x000000000800052c       0x28 ./Core/Src/LCD_LTDC.o
                0x000000000800052c                BSP_LCD_GetXSize
 .text.BSP_LCD_GetYSize
                0x0000000008000554       0x28 ./Core/Src/LCD_LTDC.o
                0x0000000008000554                BSP_LCD_GetYSize
 .text.BSP_LCD_SelectLayer
                0x000000000800057c       0x20 ./Core/Src/LCD_LTDC.o
                0x000000000800057c                BSP_LCD_SelectLayer
 .text.BSP_LCD_SetLayerVisible
                0x000000000800059c       0x7c ./Core/Src/LCD_LTDC.o
                0x000000000800059c                BSP_LCD_SetLayerVisible
 .text.BSP_LCD_SetLayerWindow
                0x0000000008000618       0x44 ./Core/Src/LCD_LTDC.o
                0x0000000008000618                BSP_LCD_SetLayerWindow
 .text.BSP_LCD_Clear
                0x000000000800065c       0x50 ./Core/Src/LCD_LTDC.o
                0x000000000800065c                BSP_LCD_Clear
 .text.LL_FillBuffer
                0x00000000080006ac       0xb4 ./Core/Src/LCD_LTDC.o
 .text.MX_DMA2D_Init
                0x0000000008000760       0x3c ./Core/Src/dma2d.o
                0x0000000008000760                MX_DMA2D_Init
 .text.HAL_DMA2D_MspInit
                0x000000000800079c       0x44 ./Core/Src/dma2d.o
                0x000000000800079c                HAL_DMA2D_MspInit
 .text.MX_FMC_Init
                0x00000000080007e0       0xa0 ./Core/Src/fmc.o
                0x00000000080007e0                MX_FMC_Init
 .text.HAL_FMC_MspInit
                0x0000000008000880      0x120 ./Core/Src/fmc.o
 .text.HAL_SDRAM_MspInit
                0x00000000080009a0       0x14 ./Core/Src/fmc.o
                0x00000000080009a0                HAL_SDRAM_MspInit
 .text.MX_GPIO_Init
                0x00000000080009b4      0x20c ./Core/Src/gpio.o
                0x00000000080009b4                MX_GPIO_Init
 .text.main     0x0000000008000bc0       0xd4 ./Core/Src/main.o
                0x0000000008000bc0                main
 .text.SystemClock_Config
                0x0000000008000c94       0xe4 ./Core/Src/main.o
                0x0000000008000c94                SystemClock_Config
 .text.Error_Handler
                0x0000000008000d78        0xe ./Core/Src/main.o
                0x0000000008000d78                Error_Handler
 *fill*         0x0000000008000d86        0x2 
 .text.SDRAM_Init
                0x0000000008000d88       0x20 ./Core/Src/sdram.o
                0x0000000008000d88                SDRAM_Init
 .text.SDRAM_Initialization_sequence
                0x0000000008000da8       0xc0 ./Core/Src/sdram.o
                0x0000000008000da8                SDRAM_Initialization_sequence
 .text.HAL_MspInit
                0x0000000008000e68       0x50 ./Core/Src/stm32f4xx_hal_msp.o
                0x0000000008000e68                HAL_MspInit
 .text.NMI_Handler
                0x0000000008000eb8        0xe ./Core/Src/stm32f4xx_it.o
                0x0000000008000eb8                NMI_Handler
 .text.HardFault_Handler
                0x0000000008000ec6        0x6 ./Core/Src/stm32f4xx_it.o
                0x0000000008000ec6                HardFault_Handler
 .text.MemManage_Handler
                0x0000000008000ecc        0x6 ./Core/Src/stm32f4xx_it.o
                0x0000000008000ecc                MemManage_Handler
 .text.BusFault_Handler
                0x0000000008000ed2        0x6 ./Core/Src/stm32f4xx_it.o
                0x0000000008000ed2                BusFault_Handler
 .text.UsageFault_Handler
                0x0000000008000ed8        0x6 ./Core/Src/stm32f4xx_it.o
                0x0000000008000ed8                UsageFault_Handler
 .text.SVC_Handler
                0x0000000008000ede        0xe ./Core/Src/stm32f4xx_it.o
                0x0000000008000ede                SVC_Handler
 .text.DebugMon_Handler
                0x0000000008000eec        0xe ./Core/Src/stm32f4xx_it.o
                0x0000000008000eec                DebugMon_Handler
 .text.PendSV_Handler
                0x0000000008000efa        0xe ./Core/Src/stm32f4xx_it.o
                0x0000000008000efa                PendSV_Handler
 .text.SysTick_Handler
                0x0000000008000f08        0xc ./Core/Src/stm32f4xx_it.o
                0x0000000008000f08                SysTick_Handler
 .text.EXTI9_5_IRQHandler
                0x0000000008000f14        0xe ./Core/Src/stm32f4xx_it.o
                0x0000000008000f14                EXTI9_5_IRQHandler
 *fill*         0x0000000008000f22        0x2 
 .text.USART1_IRQHandler
                0x0000000008000f24       0x14 ./Core/Src/stm32f4xx_it.o
                0x0000000008000f24                USART1_IRQHandler
 .text.SystemInit
                0x0000000008000f38       0x2c ./Core/Src/system_stm32f4xx.o
                0x0000000008000f38                SystemInit
 .text.MX_USART1_UART_Init
                0x0000000008000f64       0x54 ./Core/Src/usart.o
                0x0000000008000f64                MX_USART1_UART_Init
 .text.HAL_UART_MspInit
                0x0000000008000fb8       0xa0 ./Core/Src/usart.o
                0x0000000008000fb8                HAL_UART_MspInit
 .text.Reset_Handler
                0x0000000008001058       0x50 ./Core/Startup/startup_stm32f429igtx.o
                0x0000000008001058                Reset_Handler
 .text.Default_Handler
                0x00000000080010a8        0x2 ./Core/Startup/startup_stm32f429igtx.o
                0x00000000080010a8                RTC_Alarm_IRQHandler
                0x00000000080010a8                HASH_RNG_IRQHandler
                0x00000000080010a8                EXTI2_IRQHandler
                0x00000000080010a8                TIM8_CC_IRQHandler
                0x00000000080010a8                UART8_IRQHandler
                0x00000000080010a8                SPI4_IRQHandler
                0x00000000080010a8                TIM1_CC_IRQHandler
                0x00000000080010a8                DMA2_Stream5_IRQHandler
                0x00000000080010a8                DMA1_Stream5_IRQHandler
                0x00000000080010a8                PVD_IRQHandler
                0x00000000080010a8                SDIO_IRQHandler
                0x00000000080010a8                TAMP_STAMP_IRQHandler
                0x00000000080010a8                CAN2_RX1_IRQHandler
                0x00000000080010a8                EXTI3_IRQHandler
                0x00000000080010a8                TIM8_TRG_COM_TIM14_IRQHandler
                0x00000000080010a8                TIM1_UP_TIM10_IRQHandler
                0x00000000080010a8                TIM8_UP_TIM13_IRQHandler
                0x00000000080010a8                I2C3_ER_IRQHandler
                0x00000000080010a8                EXTI0_IRQHandler
                0x00000000080010a8                I2C2_EV_IRQHandler
                0x00000000080010a8                DMA1_Stream2_IRQHandler
                0x00000000080010a8                CAN1_RX0_IRQHandler
                0x00000000080010a8                FPU_IRQHandler
                0x00000000080010a8                OTG_HS_WKUP_IRQHandler
                0x00000000080010a8                LTDC_ER_IRQHandler
                0x00000000080010a8                CAN2_SCE_IRQHandler
                0x00000000080010a8                DMA2_Stream2_IRQHandler
                0x00000000080010a8                SPI1_IRQHandler
                0x00000000080010a8                TIM6_DAC_IRQHandler
                0x00000000080010a8                TIM1_BRK_TIM9_IRQHandler
                0x00000000080010a8                DCMI_IRQHandler
                0x00000000080010a8                CAN2_RX0_IRQHandler
                0x00000000080010a8                DMA2_Stream3_IRQHandler
                0x00000000080010a8                USART6_IRQHandler
                0x00000000080010a8                USART3_IRQHandler
                0x00000000080010a8                CAN1_RX1_IRQHandler
                0x00000000080010a8                UART5_IRQHandler
                0x00000000080010a8                DMA2_Stream0_IRQHandler
                0x00000000080010a8                TIM4_IRQHandler
                0x00000000080010a8                I2C1_EV_IRQHandler
                0x00000000080010a8                DMA1_Stream6_IRQHandler
                0x00000000080010a8                DMA1_Stream1_IRQHandler
                0x00000000080010a8                UART4_IRQHandler
                0x00000000080010a8                TIM3_IRQHandler
                0x00000000080010a8                RCC_IRQHandler
                0x00000000080010a8                TIM8_BRK_TIM12_IRQHandler
                0x00000000080010a8                Default_Handler
                0x00000000080010a8                EXTI15_10_IRQHandler
                0x00000000080010a8                ADC_IRQHandler
                0x00000000080010a8                DMA1_Stream7_IRQHandler
                0x00000000080010a8                SPI5_IRQHandler
                0x00000000080010a8                TIM7_IRQHandler
                0x00000000080010a8                CAN2_TX_IRQHandler
                0x00000000080010a8                TIM5_IRQHandler
                0x00000000080010a8                DMA2_Stream7_IRQHandler
                0x00000000080010a8                I2C3_EV_IRQHandler
                0x00000000080010a8                RTC_WKUP_IRQHandler
                0x00000000080010a8                LTDC_IRQHandler
                0x00000000080010a8                ETH_WKUP_IRQHandler
                0x00000000080010a8                SPI2_IRQHandler
                0x00000000080010a8                OTG_HS_EP1_IN_IRQHandler
                0x00000000080010a8                DMA1_Stream0_IRQHandler
                0x00000000080010a8                CAN1_TX_IRQHandler
                0x00000000080010a8                EXTI4_IRQHandler
                0x00000000080010a8                ETH_IRQHandler
                0x00000000080010a8                OTG_HS_EP1_OUT_IRQHandler
                0x00000000080010a8                WWDG_IRQHandler
                0x00000000080010a8                SPI6_IRQHandler
                0x00000000080010a8                TIM2_IRQHandler
                0x00000000080010a8                OTG_FS_WKUP_IRQHandler
                0x00000000080010a8                TIM1_TRG_COM_TIM11_IRQHandler
                0x00000000080010a8                OTG_HS_IRQHandler
                0x00000000080010a8                DMA2D_IRQHandler
                0x00000000080010a8                EXTI1_IRQHandler
                0x00000000080010a8                UART7_IRQHandler
                0x00000000080010a8                USART2_IRQHandler
                0x00000000080010a8                I2C2_ER_IRQHandler
                0x00000000080010a8                DMA2_Stream1_IRQHandler
                0x00000000080010a8                CAN1_SCE_IRQHandler
                0x00000000080010a8                FLASH_IRQHandler
                0x00000000080010a8                DMA2_Stream4_IRQHandler
                0x00000000080010a8                OTG_FS_IRQHandler
                0x00000000080010a8                SPI3_IRQHandler
                0x00000000080010a8                DMA1_Stream4_IRQHandler
                0x00000000080010a8                I2C1_ER_IRQHandler
                0x00000000080010a8                FMC_IRQHandler
                0x00000000080010a8                DMA2_Stream6_IRQHandler
                0x00000000080010a8                SAI1_IRQHandler
                0x00000000080010a8                DMA1_Stream3_IRQHandler
 *fill*         0x00000000080010aa        0x2 
 .text.HAL_Init
                0x00000000080010ac       0x44 ./Drivers/STM32F4xx_HAL_Driver/stm32f4xx_hal.o
                0x00000000080010ac                HAL_Init
 .text.HAL_InitTick
                0x00000000080010f0       0x60 ./Drivers/STM32F4xx_HAL_Driver/stm32f4xx_hal.o
                0x00000000080010f0                HAL_InitTick
 .text.HAL_IncTick
                0x0000000008001150       0x28 ./Drivers/STM32F4xx_HAL_Driver/stm32f4xx_hal.o
                0x0000000008001150                HAL_IncTick
 .text.HAL_GetTick
                0x0000000008001178       0x18 ./Drivers/STM32F4xx_HAL_Driver/stm32f4xx_hal.o
                0x0000000008001178                HAL_GetTick
 .text.HAL_Delay
                0x0000000008001190       0x48 ./Drivers/STM32F4xx_HAL_Driver/stm32f4xx_hal.o
                0x0000000008001190                HAL_Delay
 .text.__NVIC_SetPriorityGrouping
                0x00000000080011d8       0x48 ./Drivers/STM32F4xx_HAL_Driver/stm32f4xx_hal_cortex.o
 .text.__NVIC_GetPriorityGrouping
                0x0000000008001220       0x1c ./Drivers/STM32F4xx_HAL_Driver/stm32f4xx_hal_cortex.o
 .text.__NVIC_EnableIRQ
                0x000000000800123c       0x3c ./Drivers/STM32F4xx_HAL_Driver/stm32f4xx_hal_cortex.o
 .text.__NVIC_SetPriority
                0x0000000008001278       0x54 ./Drivers/STM32F4xx_HAL_Driver/stm32f4xx_hal_cortex.o
 .text.NVIC_EncodePriority
                0x00000000080012cc       0x66 ./Drivers/STM32F4xx_HAL_Driver/stm32f4xx_hal_cortex.o
 *fill*         0x0000000008001332        0x2 
 .text.SysTick_Config
                0x0000000008001334       0x44 ./Drivers/STM32F4xx_HAL_Driver/stm32f4xx_hal_cortex.o
 .text.HAL_NVIC_SetPriorityGrouping
                0x0000000008001378       0x16 ./Drivers/STM32F4xx_HAL_Driver/stm32f4xx_hal_cortex.o
                0x0000000008001378                HAL_NVIC_SetPriorityGrouping
 .text.HAL_NVIC_SetPriority
                0x000000000800138e       0x38 ./Drivers/STM32F4xx_HAL_Driver/stm32f4xx_hal_cortex.o
                0x000000000800138e                HAL_NVIC_SetPriority
 .text.HAL_NVIC_EnableIRQ
                0x00000000080013c6       0x1c ./Drivers/STM32F4xx_HAL_Driver/stm32f4xx_hal_cortex.o
                0x00000000080013c6                HAL_NVIC_EnableIRQ
 .text.HAL_SYSTICK_Config
                0x00000000080013e2       0x18 ./Drivers/STM32F4xx_HAL_Driver/stm32f4xx_hal_cortex.o
                0x00000000080013e2                HAL_SYSTICK_Config
 .text.HAL_DMA_Abort
                0x00000000080013fa       0xe0 ./Drivers/STM32F4xx_HAL_Driver/stm32f4xx_hal_dma.o
                0x00000000080013fa                HAL_DMA_Abort
 .text.HAL_DMA_Abort_IT
                0x00000000080014da       0x44 ./Drivers/STM32F4xx_HAL_Driver/stm32f4xx_hal_dma.o
                0x00000000080014da                HAL_DMA_Abort_IT
 .text.HAL_DMA2D_Init
                0x000000000800151e       0x92 ./Drivers/STM32F4xx_HAL_Driver/stm32f4xx_hal_dma2d.o
                0x000000000800151e                HAL_DMA2D_Init
 .text.HAL_DMA2D_Start
                0x00000000080015b0       0x56 ./Drivers/STM32F4xx_HAL_Driver/stm32f4xx_hal_dma2d.o
                0x00000000080015b0                HAL_DMA2D_Start
 .text.HAL_DMA2D_PollForTransfer
                0x0000000008001606      0x1d2 ./Drivers/STM32F4xx_HAL_Driver/stm32f4xx_hal_dma2d.o
                0x0000000008001606                HAL_DMA2D_PollForTransfer
 .text.HAL_DMA2D_ConfigLayer
                0x00000000080017d8      0x124 ./Drivers/STM32F4xx_HAL_Driver/stm32f4xx_hal_dma2d.o
                0x00000000080017d8                HAL_DMA2D_ConfigLayer
 .text.DMA2D_SetConfig
                0x00000000080018fc      0x138 ./Drivers/STM32F4xx_HAL_Driver/stm32f4xx_hal_dma2d.o
 .text.HAL_GPIO_Init
                0x0000000008001a34      0x358 ./Drivers/STM32F4xx_HAL_Driver/stm32f4xx_hal_gpio.o
                0x0000000008001a34                HAL_GPIO_Init
 .text.HAL_GPIO_WritePin
                0x0000000008001d8c       0x32 ./Drivers/STM32F4xx_HAL_Driver/stm32f4xx_hal_gpio.o
                0x0000000008001d8c                HAL_GPIO_WritePin
 *fill*         0x0000000008001dbe        0x2 
 .text.HAL_GPIO_EXTI_IRQHandler
                0x0000000008001dc0       0x30 ./Drivers/STM32F4xx_HAL_Driver/stm32f4xx_hal_gpio.o
                0x0000000008001dc0                HAL_GPIO_EXTI_IRQHandler
 .text.HAL_GPIO_EXTI_Callback
                0x0000000008001df0       0x16 ./Drivers/STM32F4xx_HAL_Driver/stm32f4xx_hal_gpio.o
                0x0000000008001df0                HAL_GPIO_EXTI_Callback
 .text.HAL_LTDC_SetWindowSize
                0x0000000008001e06       0x8c ./Drivers/STM32F4xx_HAL_Driver/stm32f4xx_hal_ltdc.o
                0x0000000008001e06                HAL_LTDC_SetWindowSize
 .text.HAL_LTDC_SetWindowPosition
                0x0000000008001e92       0x8c ./Drivers/STM32F4xx_HAL_Driver/stm32f4xx_hal_ltdc.o
                0x0000000008001e92                HAL_LTDC_SetWindowPosition
 .text.LTDC_SetConfig
                0x0000000008001f1e      0x32e ./Drivers/STM32F4xx_HAL_Driver/stm32f4xx_hal_ltdc.o
 .text.HAL_PWREx_EnableOverDrive
                0x000000000800224c       0xa0 ./Drivers/STM32F4xx_HAL_Driver/stm32f4xx_hal_pwr_ex.o
                0x000000000800224c                HAL_PWREx_EnableOverDrive
 .text.HAL_RCC_OscConfig
                0x00000000080022ec      0x4f0 ./Drivers/STM32F4xx_HAL_Driver/stm32f4xx_hal_rcc.o
                0x00000000080022ec                HAL_RCC_OscConfig
 .text.HAL_RCC_ClockConfig
                0x00000000080027dc      0x1cc ./Drivers/STM32F4xx_HAL_Driver/stm32f4xx_hal_rcc.o
                0x00000000080027dc                HAL_RCC_ClockConfig
 .text.HAL_RCC_GetSysClockFreq
                0x00000000080029a8      0x18c ./Drivers/STM32F4xx_HAL_Driver/stm32f4xx_hal_rcc.o
                0x00000000080029a8                HAL_RCC_GetSysClockFreq
 .text.HAL_RCC_GetHCLKFreq
                0x0000000008002b34       0x18 ./Drivers/STM32F4xx_HAL_Driver/stm32f4xx_hal_rcc.o
                0x0000000008002b34                HAL_RCC_GetHCLKFreq
 .text.HAL_RCC_GetPCLK1Freq
                0x0000000008002b4c       0x28 ./Drivers/STM32F4xx_HAL_Driver/stm32f4xx_hal_rcc.o
                0x0000000008002b4c                HAL_RCC_GetPCLK1Freq
 .text.HAL_RCC_GetPCLK2Freq
                0x0000000008002b74       0x28 ./Drivers/STM32F4xx_HAL_Driver/stm32f4xx_hal_rcc.o
                0x0000000008002b74                HAL_RCC_GetPCLK2Freq
 .text.HAL_SDRAM_Init
                0x0000000008002b9c       0x68 ./Drivers/STM32F4xx_HAL_Driver/stm32f4xx_hal_sdram.o
                0x0000000008002b9c                HAL_SDRAM_Init
 .text.HAL_SDRAM_SendCommand
                0x0000000008002c04       0x6a ./Drivers/STM32F4xx_HAL_Driver/stm32f4xx_hal_sdram.o
                0x0000000008002c04                HAL_SDRAM_SendCommand
 .text.HAL_SDRAM_ProgramRefreshRate
                0x0000000008002c6e       0x50 ./Drivers/STM32F4xx_HAL_Driver/stm32f4xx_hal_sdram.o
                0x0000000008002c6e                HAL_SDRAM_ProgramRefreshRate
 .text.HAL_UART_Init
                0x0000000008002cbe       0x9a ./Drivers/STM32F4xx_HAL_Driver/stm32f4xx_hal_uart.o
                0x0000000008002cbe                HAL_UART_Init
 .text.HAL_UART_IRQHandler
                0x0000000008002d58      0x51c ./Drivers/STM32F4xx_HAL_Driver/stm32f4xx_hal_uart.o
                0x0000000008002d58                HAL_UART_IRQHandler
 .text.HAL_UART_TxCpltCallback
                0x0000000008003274       0x14 ./Drivers/STM32F4xx_HAL_Driver/stm32f4xx_hal_uart.o
                0x0000000008003274                HAL_UART_TxCpltCallback
 .text.HAL_UART_RxCpltCallback
                0x0000000008003288       0x14 ./Drivers/STM32F4xx_HAL_Driver/stm32f4xx_hal_uart.o
                0x0000000008003288                HAL_UART_RxCpltCallback
 .text.HAL_UART_ErrorCallback
                0x000000000800329c       0x14 ./Drivers/STM32F4xx_HAL_Driver/stm32f4xx_hal_uart.o
                0x000000000800329c                HAL_UART_ErrorCallback
 .text.HAL_UARTEx_RxEventCallback
                0x00000000080032b0       0x18 ./Drivers/STM32F4xx_HAL_Driver/stm32f4xx_hal_uart.o
                0x00000000080032b0                HAL_UARTEx_RxEventCallback
 .text.UART_EndRxTransfer
                0x00000000080032c8       0xc6 ./Drivers/STM32F4xx_HAL_Driver/stm32f4xx_hal_uart.o
 .text.UART_DMAAbortOnError
                0x000000000800338e       0x28 ./Drivers/STM32F4xx_HAL_Driver/stm32f4xx_hal_uart.o
 .text.UART_Transmit_IT
                0x00000000080033b6       0xa0 ./Drivers/STM32F4xx_HAL_Driver/stm32f4xx_hal_uart.o
 .text.UART_EndTransmit_IT
                0x0000000008003456       0x30 ./Drivers/STM32F4xx_HAL_Driver/stm32f4xx_hal_uart.o
 .text.UART_Receive_IT
                0x0000000008003486      0x176 ./Drivers/STM32F4xx_HAL_Driver/stm32f4xx_hal_uart.o
 .text.UART_SetConfig
                0x00000000080035fc      0x4e8 ./Drivers/STM32F4xx_HAL_Driver/stm32f4xx_hal_uart.o
 .text.FMC_SDRAM_Init
                0x0000000008003ae4       0xba ./Drivers/STM32F4xx_HAL_Driver/stm32f4xx_ll_fmc.o
                0x0000000008003ae4                FMC_SDRAM_Init
 .text.FMC_SDRAM_Timing_Init
                0x0000000008003b9e       0xd2 ./Drivers/STM32F4xx_HAL_Driver/stm32f4xx_ll_fmc.o
                0x0000000008003b9e                FMC_SDRAM_Timing_Init
 .text.FMC_SDRAM_SendCommand
                0x0000000008003c70       0x7a ./Drivers/STM32F4xx_HAL_Driver/stm32f4xx_ll_fmc.o
                0x0000000008003c70                FMC_SDRAM_SendCommand
 .text.FMC_SDRAM_ProgramRefreshRate
                0x0000000008003cea       0x2e ./Drivers/STM32F4xx_HAL_Driver/stm32f4xx_ll_fmc.o
                0x0000000008003cea                FMC_SDRAM_ProgramRefreshRate
 .text.__libc_init_array
                0x0000000008003d18       0x48 /opt/st/stm32cubeide_1.10.0/plugins/com.st.stm32cube.ide.mcu.externaltools.gnu-tools-for-stm32.10.3-2021.10.linux64_1.0.0.202111181127/tools/bin/../lib/gcc/arm-none-eabi/10.3.1/../../../../arm-none-eabi/lib/thumb/v7e-m+fp/hard/libc_nano.a(lib_a-init.o)
                0x0000000008003d18                __libc_init_array
 .text.memset   0x0000000008003d60       0x10 /opt/st/stm32cubeide_1.10.0/plugins/com.st.stm32cube.ide.mcu.externaltools.gnu-tools-for-stm32.10.3-2021.10.linux64_1.0.0.202111181127/tools/bin/../lib/gcc/arm-none-eabi/10.3.1/../../../../arm-none-eabi/lib/thumb/v7e-m+fp/hard/libc_nano.a(lib_a-memset.o)
                0x0000000008003d60                memset
 *(.glue_7)
 .glue_7        0x0000000008003d70        0x0 linker stubs
 *(.glue_7t)
 .glue_7t       0x0000000008003d70        0x0 linker stubs
 *(.eh_frame)
 .eh_frame      0x0000000008003d70        0x0 /opt/st/stm32cubeide_1.10.0/plugins/com.st.stm32cube.ide.mcu.externaltools.gnu-tools-for-stm32.10.3-2021.10.linux64_1.0.0.202111181127/tools/bin/../lib/gcc/arm-none-eabi/10.3.1/thumb/v7e-m+fp/hard/crtbegin.o
 *(.init)
 .init          0x0000000008003d70        0x4 /opt/st/stm32cubeide_1.10.0/plugins/com.st.stm32cube.ide.mcu.externaltools.gnu-tools-for-stm32.10.3-2021.10.linux64_1.0.0.202111181127/tools/bin/../lib/gcc/arm-none-eabi/10.3.1/thumb/v7e-m+fp/hard/crti.o
                0x0000000008003d70                _init
 .init          0x0000000008003d74        0x8 /opt/st/stm32cubeide_1.10.0/plugins/com.st.stm32cube.ide.mcu.externaltools.gnu-tools-for-stm32.10.3-2021.10.linux64_1.0.0.202111181127/tools/bin/../lib/gcc/arm-none-eabi/10.3.1/thumb/v7e-m+fp/hard/crtn.o
 *(.fini)
 .fini          0x0000000008003d7c        0x4 /opt/st/stm32cubeide_1.10.0/plugins/com.st.stm32cube.ide.mcu.externaltools.gnu-tools-for-stm32.10.3-2021.10.linux64_1.0.0.202111181127/tools/bin/../lib/gcc/arm-none-eabi/10.3.1/thumb/v7e-m+fp/hard/crti.o
                0x0000000008003d7c                _fini
 .fini          0x0000000008003d80        0x8 /opt/st/stm32cubeide_1.10.0/plugins/com.st.stm32cube.ide.mcu.externaltools.gnu-tools-for-stm32.10.3-2021.10.linux64_1.0.0.202111181127/tools/bin/../lib/gcc/arm-none-eabi/10.3.1/thumb/v7e-m+fp/hard/crtn.o
                0x0000000008003d88                . = ALIGN (0x4)
                0x0000000008003d88                _etext = .

.vfp11_veneer   0x0000000008003d88        0x0
 .vfp11_veneer  0x0000000008003d88        0x0 linker stubs

.v4_bx          0x0000000008003d88        0x0
 .v4_bx         0x0000000008003d88        0x0 linker stubs

.iplt           0x0000000008003d88        0x0
 .iplt          0x0000000008003d88        0x0 /opt/st/stm32cubeide_1.10.0/plugins/com.st.stm32cube.ide.mcu.externaltools.gnu-tools-for-stm32.10.3-2021.10.linux64_1.0.0.202111181127/tools/bin/../lib/gcc/arm-none-eabi/10.3.1/thumb/v7e-m+fp/hard/crtbegin.o

.rodata         0x0000000008003d88       0x18
                0x0000000008003d88                . = ALIGN (0x4)
 *(.rodata)
 *(.rodata*)
 .rodata.AHBPrescTable
                0x0000000008003d88       0x10 ./Core/Src/system_stm32f4xx.o
                0x0000000008003d88                AHBPrescTable
 .rodata.APBPrescTable
                0x0000000008003d98        0x8 ./Core/Src/system_stm32f4xx.o
                0x0000000008003d98                APBPrescTable
                0x0000000008003da0                . = ALIGN (0x4)

.ARM.extab      0x0000000008003da0        0x0
                0x0000000008003da0                . = ALIGN (0x4)
 *(.ARM.extab* .gnu.linkonce.armextab.*)
                0x0000000008003da0                . = ALIGN (0x4)

.ARM            0x0000000008003da0        0x8
                0x0000000008003da0                . = ALIGN (0x4)
                0x0000000008003da0                __exidx_start = .
 *(.ARM.exidx*)
 .ARM.exidx     0x0000000008003da0        0x8 /opt/st/stm32cubeide_1.10.0/plugins/com.st.stm32cube.ide.mcu.externaltools.gnu-tools-for-stm32.10.3-2021.10.linux64_1.0.0.202111181127/tools/bin/../lib/gcc/arm-none-eabi/10.3.1/thumb/v7e-m+fp/hard/libgcc.a(_udivmoddi4.o)
                0x0000000008003da8                __exidx_end = .
                0x0000000008003da8                . = ALIGN (0x4)

.rel.dyn        0x0000000008003da8        0x0
 .rel.iplt      0x0000000008003da8        0x0 /opt/st/stm32cubeide_1.10.0/plugins/com.st.stm32cube.ide.mcu.externaltools.gnu-tools-for-stm32.10.3-2021.10.linux64_1.0.0.202111181127/tools/bin/../lib/gcc/arm-none-eabi/10.3.1/thumb/v7e-m+fp/hard/crtbegin.o

.preinit_array  0x0000000008003da8        0x0
                0x0000000008003da8                . = ALIGN (0x4)
                0x0000000008003da8                PROVIDE (__preinit_array_start = .)
 *(.preinit_array*)
                0x0000000008003da8                PROVIDE (__preinit_array_end = .)
                0x0000000008003da8                . = ALIGN (0x4)

.init_array     0x0000000008003da8        0x4
                0x0000000008003da8                . = ALIGN (0x4)
                0x0000000008003da8                PROVIDE (__init_array_start = .)
 *(SORT_BY_NAME(.init_array.*))
 *(.init_array*)
 .init_array    0x0000000008003da8        0x4 /opt/st/stm32cubeide_1.10.0/plugins/com.st.stm32cube.ide.mcu.externaltools.gnu-tools-for-stm32.10.3-2021.10.linux64_1.0.0.202111181127/tools/bin/../lib/gcc/arm-none-eabi/10.3.1/thumb/v7e-m+fp/hard/crtbegin.o
                0x0000000008003dac                PROVIDE (__init_array_end = .)
                0x0000000008003dac                . = ALIGN (0x4)

.fini_array     0x0000000008003dac        0x4
                0x0000000008003dac                . = ALIGN (0x4)
                [!provide]                        PROVIDE (__fini_array_start = .)
 *(SORT_BY_NAME(.fini_array.*))
 *(.fini_array*)
 .fini_array    0x0000000008003dac        0x4 /opt/st/stm32cubeide_1.10.0/plugins/com.st.stm32cube.ide.mcu.externaltools.gnu-tools-for-stm32.10.3-2021.10.linux64_1.0.0.202111181127/tools/bin/../lib/gcc/arm-none-eabi/10.3.1/thumb/v7e-m+fp/hard/crtbegin.o
                [!provide]                        PROVIDE (__fini_array_end = .)
                0x0000000008003db0                . = ALIGN (0x4)
                0x0000000008003db0                _sidata = LOADADDR (.data)

.data           0x0000000020000000        0xc load address 0x0000000008003db0
                0x0000000020000000                . = ALIGN (0x4)
                0x0000000020000000                _sdata = .
 *(.data)
 *(.data*)
 .data.SystemCoreClock
                0x0000000020000000        0x4 ./Core/Src/system_stm32f4xx.o
                0x0000000020000000                SystemCoreClock
 .data.uwTickPrio
                0x0000000020000004        0x4 ./Drivers/STM32F4xx_HAL_Driver/stm32f4xx_hal.o
                0x0000000020000004                uwTickPrio
 .data.uwTickFreq
                0x0000000020000008        0x1 ./Drivers/STM32F4xx_HAL_Driver/stm32f4xx_hal.o
                0x0000000020000008                uwTickFreq
 *(.RamFunc)
 *(.RamFunc*)
                0x000000002000000c                . = ALIGN (0x4)
 *fill*         0x0000000020000009        0x3 
                0x000000002000000c                _edata = .
                0x0000000008003dbc                _siccmram = LOADADDR (.ccmram)

.igot.plt       0x000000002000000c        0x0 load address 0x0000000008003dbc
 .igot.plt      0x000000002000000c        0x0 /opt/st/stm32cubeide_1.10.0/plugins/com.st.stm32cube.ide.mcu.externaltools.gnu-tools-for-stm32.10.3-2021.10.linux64_1.0.0.202111181127/tools/bin/../lib/gcc/arm-none-eabi/10.3.1/thumb/v7e-m+fp/hard/crtbegin.o

.ccmram         0x0000000010000000        0x0 load address 0x0000000008003dbc
                0x0000000010000000                . = ALIGN (0x4)
                0x0000000010000000                _sccmram = .
 *(.ccmram)
 *(.ccmram*)
                0x0000000010000000                . = ALIGN (0x4)
                0x0000000010000000                _eccmram = .
                0x0000000010000000                . = ALIGN (0x4)

.bss            0x000000002000000c      0x1cc
                0x000000002000000c                _sbss = .
                0x000000002000000c                __bss_start__ = _sbss
 *(.bss)
 .bss           0x000000002000000c       0x1c /opt/st/stm32cubeide_1.10.0/plugins/com.st.stm32cube.ide.mcu.externaltools.gnu-tools-for-stm32.10.3-2021.10.linux64_1.0.0.202111181127/tools/bin/../lib/gcc/arm-none-eabi/10.3.1/thumb/v7e-m+fp/hard/crtbegin.o
 *(.bss*)
 .bss.ActiveLayer
                0x0000000020000028        0x4 ./Core/Src/LCD_LTDC.o
 .bss.hdma2d    0x000000002000002c       0x40 ./Core/Src/dma2d.o
                0x000000002000002c                hdma2d
 .bss.hsdram1   0x000000002000006c       0x34 ./Core/Src/fmc.o
                0x000000002000006c                hsdram1
 .bss.FMC_Initialized
                0x00000000200000a0        0x4 ./Core/Src/fmc.o
 .bss.hltdc     0x00000000200000a4       0xa8 ./Core/Src/ltdc.o
                0x00000000200000a4                hltdc
 .bss.sdramHandle
                0x000000002000014c       0x34 ./Core/Src/sdram.o
 .bss.Command   0x0000000020000180       0x10 ./Core/Src/sdram.o
 .bss.huart1    0x0000000020000190       0x44 ./Core/Src/usart.o
                0x0000000020000190                huart1
 .bss.uwTick    0x00000000200001d4        0x4 ./Drivers/STM32F4xx_HAL_Driver/stm32f4xx_hal.o
                0x00000000200001d4                uwTick
 *(COMMON)
                0x00000000200001d8                . = ALIGN (0x4)
                0x00000000200001d8                _ebss = .
                0x00000000200001d8                __bss_end__ = _ebss

._user_heap_stack
                0x00000000200001d8     0x2000
                0x00000000200001d8                . = ALIGN (0x8)
                [!provide]                        PROVIDE (end = .)
                0x00000000200001d8                PROVIDE (_end = .)
                0x00000000200011d8                . = (. + _Min_Heap_Size)
 *fill*         0x00000000200001d8     0x1000 
                0x00000000200021d8                . = (. + _Min_Stack_Size)
 *fill*         0x00000000200011d8     0x1000 
                0x00000000200021d8                . = ALIGN (0x8)

/DISCARD/
 libc.a(*)
 libm.a(*)
 libgcc.a(*)

.ARM.attributes
                0x0000000000000000       0x30
 *(.ARM.attributes)
 .ARM.attributes
                0x0000000000000000       0x1e /opt/st/stm32cubeide_1.10.0/plugins/com.st.stm32cube.ide.mcu.externaltools.gnu-tools-for-stm32.10.3-2021.10.linux64_1.0.0.202111181127/tools/bin/../lib/gcc/arm-none-eabi/10.3.1/thumb/v7e-m+fp/hard/crti.o
 .ARM.attributes
                0x000000000000001e       0x34 /opt/st/stm32cubeide_1.10.0/plugins/com.st.stm32cube.ide.mcu.externaltools.gnu-tools-for-stm32.10.3-2021.10.linux64_1.0.0.202111181127/tools/bin/../lib/gcc/arm-none-eabi/10.3.1/thumb/v7e-m+fp/hard/crtbegin.o
 .ARM.attributes
                0x0000000000000052       0x34 ./Core/Src/LCD_LTDC.o
 .ARM.attributes
                0x0000000000000086       0x34 ./Core/Src/dma2d.o
 .ARM.attributes
                0x00000000000000ba       0x34 ./Core/Src/fmc.o
 .ARM.attributes
                0x00000000000000ee       0x34 ./Core/Src/gpio.o
 .ARM.attributes
                0x0000000000000122       0x34 ./Core/Src/ltdc.o
 .ARM.attributes
                0x0000000000000156       0x34 ./Core/Src/main.o
 .ARM.attributes
                0x000000000000018a       0x34 ./Core/Src/sdram.o
 .ARM.attributes
                0x00000000000001be       0x34 ./Core/Src/stm32f4xx_hal_msp.o
 .ARM.attributes
                0x00000000000001f2       0x34 ./Core/Src/stm32f4xx_it.o
 .ARM.attributes
                0x0000000000000226       0x34 ./Core/Src/system_stm32f4xx.o
 .ARM.attributes
                0x000000000000025a       0x34 ./Core/Src/usart.o
 .ARM.attributes
                0x000000000000028e       0x21 ./Core/Startup/startup_stm32f429igtx.o
 .ARM.attributes
                0x00000000000002af       0x34 ./Drivers/STM32F4xx_HAL_Driver/stm32f4xx_hal.o
 .ARM.attributes
                0x00000000000002e3       0x34 ./Drivers/STM32F4xx_HAL_Driver/stm32f4xx_hal_cortex.o
 .ARM.attributes
                0x0000000000000317       0x34 ./Drivers/STM32F4xx_HAL_Driver/stm32f4xx_hal_dma.o
 .ARM.attributes
                0x000000000000034b       0x34 ./Drivers/STM32F4xx_HAL_Driver/stm32f4xx_hal_dma2d.o
 .ARM.attributes
                0x000000000000037f       0x34 ./Drivers/STM32F4xx_HAL_Driver/stm32f4xx_hal_gpio.o
 .ARM.attributes
                0x00000000000003b3       0x34 ./Drivers/STM32F4xx_HAL_Driver/stm32f4xx_hal_ltdc.o
 .ARM.attributes
                0x00000000000003e7       0x34 ./Drivers/STM32F4xx_HAL_Driver/stm32f4xx_hal_pwr_ex.o
 .ARM.attributes
                0x000000000000041b       0x34 ./Drivers/STM32F4xx_HAL_Driver/stm32f4xx_hal_rcc.o
 .ARM.attributes
                0x000000000000044f       0x34 ./Drivers/STM32F4xx_HAL_Driver/stm32f4xx_hal_sdram.o
 .ARM.attributes
                0x0000000000000483       0x34 ./Drivers/STM32F4xx_HAL_Driver/stm32f4xx_hal_uart.o
 .ARM.attributes
                0x00000000000004b7       0x34 ./Drivers/STM32F4xx_HAL_Driver/stm32f4xx_ll_fmc.o
 .ARM.attributes
                0x00000000000004eb       0x34 /opt/st/stm32cubeide_1.10.0/plugins/com.st.stm32cube.ide.mcu.externaltools.gnu-tools-for-stm32.10.3-2021.10.linux64_1.0.0.202111181127/tools/bin/../lib/gcc/arm-none-eabi/10.3.1/../../../../arm-none-eabi/lib/thumb/v7e-m+fp/hard/libc_nano.a(lib_a-init.o)
 .ARM.attributes
                0x000000000000051f       0x34 /opt/st/stm32cubeide_1.10.0/plugins/com.st.stm32cube.ide.mcu.externaltools.gnu-tools-for-stm32.10.3-2021.10.linux64_1.0.0.202111181127/tools/bin/../lib/gcc/arm-none-eabi/10.3.1/../../../../arm-none-eabi/lib/thumb/v7e-m+fp/hard/libc_nano.a(lib_a-memset.o)
 .ARM.attributes
                0x0000000000000553       0x1e /opt/st/stm32cubeide_1.10.0/plugins/com.st.stm32cube.ide.mcu.externaltools.gnu-tools-for-stm32.10.3-2021.10.linux64_1.0.0.202111181127/tools/bin/../lib/gcc/arm-none-eabi/10.3.1/thumb/v7e-m+fp/hard/libgcc.a(_aeabi_uldivmod.o)
 .ARM.attributes
                0x0000000000000571       0x34 /opt/st/stm32cubeide_1.10.0/plugins/com.st.stm32cube.ide.mcu.externaltools.gnu-tools-for-stm32.10.3-2021.10.linux64_1.0.0.202111181127/tools/bin/../lib/gcc/arm-none-eabi/10.3.1/thumb/v7e-m+fp/hard/libgcc.a(_udivmoddi4.o)
 .ARM.attributes
                0x00000000000005a5       0x1e /opt/st/stm32cubeide_1.10.0/plugins/com.st.stm32cube.ide.mcu.externaltools.gnu-tools-for-stm32.10.3-2021.10.linux64_1.0.0.202111181127/tools/bin/../lib/gcc/arm-none-eabi/10.3.1/thumb/v7e-m+fp/hard/libgcc.a(_dvmd_tls.o)
 .ARM.attributes
                0x00000000000005c3       0x1e /opt/st/stm32cubeide_1.10.0/plugins/com.st.stm32cube.ide.mcu.externaltools.gnu-tools-for-stm32.10.3-2021.10.linux64_1.0.0.202111181127/tools/bin/../lib/gcc/arm-none-eabi/10.3.1/thumb/v7e-m+fp/hard/crtn.o
OUTPUT(LTDC_Martin_Test.elf elf32-littlearm)
LOAD linker stubs
LOAD /opt/st/stm32cubeide_1.10.0/plugins/com.st.stm32cube.ide.mcu.externaltools.gnu-tools-for-stm32.10.3-2021.10.linux64_1.0.0.202111181127/tools/bin/../lib/gcc/arm-none-eabi/10.3.1/../../../../arm-none-eabi/lib/thumb/v7e-m+fp/hard/libc.a
LOAD /opt/st/stm32cubeide_1.10.0/plugins/com.st.stm32cube.ide.mcu.externaltools.gnu-tools-for-stm32.10.3-2021.10.linux64_1.0.0.202111181127/tools/bin/../lib/gcc/arm-none-eabi/10.3.1/../../../../arm-none-eabi/lib/thumb/v7e-m+fp/hard/libm.a
LOAD /opt/st/stm32cubeide_1.10.0/plugins/com.st.stm32cube.ide.mcu.externaltools.gnu-tools-for-stm32.10.3-2021.10.linux64_1.0.0.202111181127/tools/bin/../lib/gcc/arm-none-eabi/10.3.1/thumb/v7e-m+fp/hard/libgcc.a

.debug_info     0x0000000000000000    0x10290
 .debug_info    0x0000000000000000      0xd6d ./Core/Src/LCD_LTDC.o
 .debug_info    0x0000000000000d6d      0x68d ./Core/Src/dma2d.o
 .debug_info    0x00000000000013fa      0x9e9 ./Core/Src/fmc.o
 .debug_info    0x0000000000001de3      0x7bc ./Core/Src/gpio.o
 .debug_info    0x000000000000259f      0xa9d ./Core/Src/ltdc.o
 .debug_info    0x000000000000303c      0x6ef ./Core/Src/main.o
 .debug_info    0x000000000000372b      0x62f ./Core/Src/sdram.o
 .debug_info    0x0000000000003d5a      0x2de ./Core/Src/stm32f4xx_hal_msp.o
 .debug_info    0x0000000000004038      0x690 ./Core/Src/stm32f4xx_it.o
 .debug_info    0x00000000000046c8      0x53f ./Core/Src/system_stm32f4xx.o
 .debug_info    0x0000000000004c07      0xc6d ./Core/Src/usart.o
 .debug_info    0x0000000000005874       0x22 ./Core/Startup/startup_stm32f429igtx.o
 .debug_info    0x0000000000005896      0x9f4 ./Drivers/STM32F4xx_HAL_Driver/stm32f4xx_hal.o
 .debug_info    0x000000000000628a      0xe51 ./Drivers/STM32F4xx_HAL_Driver/stm32f4xx_hal_cortex.o
 .debug_info    0x00000000000070db      0x94f ./Drivers/STM32F4xx_HAL_Driver/stm32f4xx_hal_dma.o
 .debug_info    0x0000000000007a2a      0xf91 ./Drivers/STM32F4xx_HAL_Driver/stm32f4xx_hal_dma2d.o
 .debug_info    0x00000000000089bb      0x786 ./Drivers/STM32F4xx_HAL_Driver/stm32f4xx_hal_gpio.o
 .debug_info    0x0000000000009141     0x114d ./Drivers/STM32F4xx_HAL_Driver/stm32f4xx_hal_ltdc.o
 .debug_info    0x000000000000a28e      0x6e6 ./Drivers/STM32F4xx_HAL_Driver/stm32f4xx_hal_pwr_ex.o
 .debug_info    0x000000000000a974      0x982 ./Drivers/STM32F4xx_HAL_Driver/stm32f4xx_hal_rcc.o
 .debug_info    0x000000000000b2f6      0xf46 ./Drivers/STM32F4xx_HAL_Driver/stm32f4xx_hal_sdram.o
 .debug_info    0x000000000000c23c     0x31bc ./Drivers/STM32F4xx_HAL_Driver/stm32f4xx_hal_uart.o
 .debug_info    0x000000000000f3f8      0xe98 ./Drivers/STM32F4xx_HAL_Driver/stm32f4xx_ll_fmc.o

.debug_abbrev   0x0000000000000000     0x2b4a
 .debug_abbrev  0x0000000000000000      0x278 ./Core/Src/LCD_LTDC.o
 .debug_abbrev  0x0000000000000278      0x1c8 ./Core/Src/dma2d.o
 .debug_abbrev  0x0000000000000440      0x234 ./Core/Src/fmc.o
 .debug_abbrev  0x0000000000000674      0x164 ./Core/Src/gpio.o
 .debug_abbrev  0x00000000000007d8      0x1bf ./Core/Src/ltdc.o
 .debug_abbrev  0x0000000000000997      0x1d7 ./Core/Src/main.o
 .debug_abbrev  0x0000000000000b6e      0x186 ./Core/Src/sdram.o
 .debug_abbrev  0x0000000000000cf4       0xf0 ./Core/Src/stm32f4xx_hal_msp.o
 .debug_abbrev  0x0000000000000de4      0x17b ./Core/Src/stm32f4xx_it.o
 .debug_abbrev  0x0000000000000f5f      0x116 ./Core/Src/system_stm32f4xx.o
 .debug_abbrev  0x0000000000001075      0x205 ./Core/Src/usart.o
 .debug_abbrev  0x000000000000127a       0x12 ./Core/Startup/startup_stm32f429igtx.o
 .debug_abbrev  0x000000000000128c      0x20d ./Drivers/STM32F4xx_HAL_Driver/stm32f4xx_hal.o
 .debug_abbrev  0x0000000000001499      0x316 ./Drivers/STM32F4xx_HAL_Driver/stm32f4xx_hal_cortex.o
 .debug_abbrev  0x00000000000017af      0x25b ./Drivers/STM32F4xx_HAL_Driver/stm32f4xx_hal_dma.o
 .debug_abbrev  0x0000000000001a0a      0x22e ./Drivers/STM32F4xx_HAL_Driver/stm32f4xx_hal_dma2d.o
 .debug_abbrev  0x0000000000001c38      0x1c4 ./Drivers/STM32F4xx_HAL_Driver/stm32f4xx_hal_gpio.o
 .debug_abbrev  0x0000000000001dfc      0x221 ./Drivers/STM32F4xx_HAL_Driver/stm32f4xx_hal_ltdc.o
 .debug_abbrev  0x000000000000201d      0x1c9 ./Drivers/STM32F4xx_HAL_Driver/stm32f4xx_hal_pwr_ex.o
 .debug_abbrev  0x00000000000021e6      0x2aa ./Drivers/STM32F4xx_HAL_Driver/stm32f4xx_hal_rcc.o
 .debug_abbrev  0x0000000000002490      0x230 ./Drivers/STM32F4xx_HAL_Driver/stm32f4xx_hal_sdram.o
 .debug_abbrev  0x00000000000026c0      0x2f4 ./Drivers/STM32F4xx_HAL_Driver/stm32f4xx_hal_uart.o
 .debug_abbrev  0x00000000000029b4      0x196 ./Drivers/STM32F4xx_HAL_Driver/stm32f4xx_ll_fmc.o

.debug_aranges  0x0000000000000000      0xce0
 .debug_aranges
                0x0000000000000000       0x88 ./Core/Src/LCD_LTDC.o
 .debug_aranges
                0x0000000000000088       0x30 ./Core/Src/dma2d.o
 .debug_aranges
                0x00000000000000b8       0x40 ./Core/Src/fmc.o
 .debug_aranges
                0x00000000000000f8       0x20 ./Core/Src/gpio.o
 .debug_aranges
                0x0000000000000118       0x30 ./Core/Src/ltdc.o
 .debug_aranges
                0x0000000000000148       0x30 ./Core/Src/main.o
 .debug_aranges
                0x0000000000000178       0x28 ./Core/Src/sdram.o
 .debug_aranges
                0x00000000000001a0       0x20 ./Core/Src/stm32f4xx_hal_msp.o
 .debug_aranges
                0x00000000000001c0       0x70 ./Core/Src/stm32f4xx_it.o
 .debug_aranges
                0x0000000000000230       0x28 ./Core/Src/system_stm32f4xx.o
 .debug_aranges
                0x0000000000000258       0x30 ./Core/Src/usart.o
 .debug_aranges
                0x0000000000000288       0x28 ./Core/Startup/startup_stm32f429igtx.o
 .debug_aranges
                0x00000000000002b0      0x100 ./Drivers/STM32F4xx_HAL_Driver/stm32f4xx_hal.o
 .debug_aranges
                0x00000000000003b0      0x118 ./Drivers/STM32F4xx_HAL_Driver/stm32f4xx_hal_cortex.o
 .debug_aranges
                0x00000000000004c8       0x90 ./Drivers/STM32F4xx_HAL_Driver/stm32f4xx_hal_dma.o
 .debug_aranges
                0x0000000000000558      0x118 ./Drivers/STM32F4xx_HAL_Driver/stm32f4xx_hal_dma2d.o
 .debug_aranges
                0x0000000000000670       0x58 ./Drivers/STM32F4xx_HAL_Driver/stm32f4xx_hal_gpio.o
 .debug_aranges
                0x00000000000006c8      0x158 ./Drivers/STM32F4xx_HAL_Driver/stm32f4xx_hal_ltdc.o
 .debug_aranges
                0x0000000000000820       0x60 ./Drivers/STM32F4xx_HAL_Driver/stm32f4xx_hal_pwr_ex.o
 .debug_aranges
                0x0000000000000880       0x88 ./Drivers/STM32F4xx_HAL_Driver/stm32f4xx_hal_rcc.o
 .debug_aranges
                0x0000000000000908       0xe8 ./Drivers/STM32F4xx_HAL_Driver/stm32f4xx_hal_sdram.o
 .debug_aranges
                0x00000000000009f0      0x200 ./Drivers/STM32F4xx_HAL_Driver/stm32f4xx_hal_uart.o
 .debug_aranges
                0x0000000000000bf0       0xf0 ./Drivers/STM32F4xx_HAL_Driver/stm32f4xx_ll_fmc.o

.debug_ranges   0x0000000000000000      0xba8
 .debug_ranges  0x0000000000000000       0x78 ./Core/Src/LCD_LTDC.o
 .debug_ranges  0x0000000000000078       0x20 ./Core/Src/dma2d.o
 .debug_ranges  0x0000000000000098       0x30 ./Core/Src/fmc.o
 .debug_ranges  0x00000000000000c8       0x10 ./Core/Src/gpio.o
 .debug_ranges  0x00000000000000d8       0x20 ./Core/Src/ltdc.o
 .debug_ranges  0x00000000000000f8       0x20 ./Core/Src/main.o
 .debug_ranges  0x0000000000000118       0x18 ./Core/Src/sdram.o
 .debug_ranges  0x0000000000000130       0x10 ./Core/Src/stm32f4xx_hal_msp.o
 .debug_ranges  0x0000000000000140       0x60 ./Core/Src/stm32f4xx_it.o
 .debug_ranges  0x00000000000001a0       0x18 ./Core/Src/system_stm32f4xx.o
 .debug_ranges  0x00000000000001b8       0x20 ./Core/Src/usart.o
 .debug_ranges  0x00000000000001d8       0x20 ./Core/Startup/startup_stm32f429igtx.o
 .debug_ranges  0x00000000000001f8       0xf0 ./Drivers/STM32F4xx_HAL_Driver/stm32f4xx_hal.o
 .debug_ranges  0x00000000000002e8      0x108 ./Drivers/STM32F4xx_HAL_Driver/stm32f4xx_hal_cortex.o
 .debug_ranges  0x00000000000003f0       0x80 ./Drivers/STM32F4xx_HAL_Driver/stm32f4xx_hal_dma.o
 .debug_ranges  0x0000000000000470      0x108 ./Drivers/STM32F4xx_HAL_Driver/stm32f4xx_hal_dma2d.o
 .debug_ranges  0x0000000000000578       0x48 ./Drivers/STM32F4xx_HAL_Driver/stm32f4xx_hal_gpio.o
 .debug_ranges  0x00000000000005c0      0x148 ./Drivers/STM32F4xx_HAL_Driver/stm32f4xx_hal_ltdc.o
 .debug_ranges  0x0000000000000708       0x50 ./Drivers/STM32F4xx_HAL_Driver/stm32f4xx_hal_pwr_ex.o
 .debug_ranges  0x0000000000000758       0x78 ./Drivers/STM32F4xx_HAL_Driver/stm32f4xx_hal_rcc.o
 .debug_ranges  0x00000000000007d0       0xd8 ./Drivers/STM32F4xx_HAL_Driver/stm32f4xx_hal_sdram.o
 .debug_ranges  0x00000000000008a8      0x220 ./Drivers/STM32F4xx_HAL_Driver/stm32f4xx_hal_uart.o
 .debug_ranges  0x0000000000000ac8       0xe0 ./Drivers/STM32F4xx_HAL_Driver/stm32f4xx_ll_fmc.o

.debug_macro    0x0000000000000000    0x244be
 .debug_macro   0x0000000000000000      0x2a9 ./Core/Src/LCD_LTDC.o
 .debug_macro   0x00000000000002a9      0xa78 ./Core/Src/LCD_LTDC.o
 .debug_macro   0x0000000000000d21      0x2a7 ./Core/Src/LCD_LTDC.o
 .debug_macro   0x0000000000000fc8       0x2e ./Core/Src/LCD_LTDC.o
 .debug_macro   0x0000000000000ff6       0x28 ./Core/Src/LCD_LTDC.o
 .debug_macro   0x000000000000101e       0x22 ./Core/Src/LCD_LTDC.o
 .debug_macro   0x0000000000001040       0x8e ./Core/Src/LCD_LTDC.o
 .debug_macro   0x00000000000010ce       0x51 ./Core/Src/LCD_LTDC.o
 .debug_macro   0x000000000000111f      0x103 ./Core/Src/LCD_LTDC.o
 .debug_macro   0x0000000000001222       0x6a ./Core/Src/LCD_LTDC.o
 .debug_macro   0x000000000000128c      0x1df ./Core/Src/LCD_LTDC.o
 .debug_macro   0x000000000000146b       0x1c ./Core/Src/LCD_LTDC.o
 .debug_macro   0x0000000000001487       0x22 ./Core/Src/LCD_LTDC.o
 .debug_macro   0x00000000000014a9       0xd9 ./Core/Src/LCD_LTDC.o
 .debug_macro   0x0000000000001582     0x102d ./Core/Src/LCD_LTDC.o
 .debug_macro   0x00000000000025af      0x11f ./Core/Src/LCD_LTDC.o
 .debug_macro   0x00000000000026ce    0x17fc0 ./Core/Src/LCD_LTDC.o
 .debug_macro   0x000000000001a68e       0x6d ./Core/Src/LCD_LTDC.o
 .debug_macro   0x000000000001a6fb     0x36f5 ./Core/Src/LCD_LTDC.o
 .debug_macro   0x000000000001ddf0      0x174 ./Core/Src/LCD_LTDC.o
 .debug_macro   0x000000000001df64       0x5c ./Core/Src/LCD_LTDC.o
 .debug_macro   0x000000000001dfc0      0xca5 ./Core/Src/LCD_LTDC.o
 .debug_macro   0x000000000001ec65      0x9fe ./Core/Src/LCD_LTDC.o
 .debug_macro   0x000000000001f663      0x115 ./Core/Src/LCD_LTDC.o
 .debug_macro   0x000000000001f778      0x156 ./Core/Src/LCD_LTDC.o
 .debug_macro   0x000000000001f8ce       0xa5 ./Core/Src/LCD_LTDC.o
 .debug_macro   0x000000000001f973      0x182 ./Core/Src/LCD_LTDC.o
 .debug_macro   0x000000000001faf5      0x287 ./Core/Src/LCD_LTDC.o
 .debug_macro   0x000000000001fd7c       0x5f ./Core/Src/LCD_LTDC.o
 .debug_macro   0x000000000001fddb      0x236 ./Core/Src/LCD_LTDC.o
 .debug_macro   0x0000000000020011      0x208 ./Core/Src/LCD_LTDC.o
 .debug_macro   0x0000000000020219      0x132 ./Core/Src/LCD_LTDC.o
 .debug_macro   0x000000000002034b      0x41d ./Core/Src/LCD_LTDC.o
 .debug_macro   0x0000000000020768       0x2e ./Core/Src/LCD_LTDC.o
 .debug_macro   0x0000000000020796      0x556 ./Core/Src/LCD_LTDC.o
 .debug_macro   0x0000000000020cec      0x198 ./Core/Src/LCD_LTDC.o
 .debug_macro   0x0000000000020e84       0xd6 ./Core/Src/LCD_LTDC.o
 .debug_macro   0x0000000000020f5a      0x11a ./Core/Src/LCD_LTDC.o
 .debug_macro   0x0000000000021074       0xe2 ./Core/Src/LCD_LTDC.o
 .debug_macro   0x0000000000021156       0x89 ./Core/Src/LCD_LTDC.o
 .debug_macro   0x00000000000211df      0x295 ./Core/Src/LCD_LTDC.o
 .debug_macro   0x0000000000021474      0x134 ./Core/Src/LCD_LTDC.o
 .debug_macro   0x00000000000215a8       0x1c ./Core/Src/LCD_LTDC.o
 .debug_macro   0x00000000000215c4       0x3a ./Core/Src/LCD_LTDC.o
 .debug_macro   0x00000000000215fe       0x52 ./Core/Src/LCD_LTDC.o
 .debug_macro   0x0000000000021650       0xca ./Core/Src/LCD_LTDC.o
 .debug_macro   0x000000000002171a      0x251 ./Core/Src/dma2d.o
 .debug_macro   0x000000000002196b      0x247 ./Core/Src/fmc.o
 .debug_macro   0x0000000000021bb2      0x251 ./Core/Src/gpio.o
 .debug_macro   0x0000000000021e03      0x251 ./Core/Src/ltdc.o
 .debug_macro   0x0000000000022054      0x27f ./Core/Src/main.o
 .debug_macro   0x00000000000222d3      0x247 ./Core/Src/sdram.o
 .debug_macro   0x000000000002251a      0x247 ./Core/Src/stm32f4xx_hal_msp.o
 .debug_macro   0x0000000000022761      0x251 ./Core/Src/stm32f4xx_it.o
 .debug_macro   0x00000000000229b2      0x1ff ./Core/Src/system_stm32f4xx.o
 .debug_macro   0x0000000000022bb1      0x251 ./Core/Src/usart.o
 .debug_macro   0x0000000000022e02      0x259 ./Drivers/STM32F4xx_HAL_Driver/stm32f4xx_hal.o
 .debug_macro   0x000000000002305b      0x1f9 ./Drivers/STM32F4xx_HAL_Driver/stm32f4xx_hal_cortex.o
 .debug_macro   0x0000000000023254      0x1ff ./Drivers/STM32F4xx_HAL_Driver/stm32f4xx_hal_dma.o
 .debug_macro   0x0000000000023453      0x208 ./Drivers/STM32F4xx_HAL_Driver/stm32f4xx_hal_dma2d.o
 .debug_macro   0x000000000002365b      0x1ff ./Drivers/STM32F4xx_HAL_Driver/stm32f4xx_hal_gpio.o
 .debug_macro   0x000000000002385a      0x201 ./Drivers/STM32F4xx_HAL_Driver/stm32f4xx_hal_ltdc.o
 .debug_macro   0x0000000000023a5b      0x211 ./Drivers/STM32F4xx_HAL_Driver/stm32f4xx_hal_pwr_ex.o
 .debug_macro   0x0000000000023c6c      0x21d ./Drivers/STM32F4xx_HAL_Driver/stm32f4xx_hal_rcc.o
 .debug_macro   0x0000000000023e89      0x1f9 ./Drivers/STM32F4xx_HAL_Driver/stm32f4xx_hal_sdram.o
 .debug_macro   0x0000000000024082      0x1fa ./Drivers/STM32F4xx_HAL_Driver/stm32f4xx_hal_uart.o
 .debug_macro   0x000000000002427c      0x242 ./Drivers/STM32F4xx_HAL_Driver/stm32f4xx_ll_fmc.o

.debug_line     0x0000000000000000    0x11f6b
 .debug_line    0x0000000000000000      0xa59 ./Core/Src/LCD_LTDC.o
 .debug_line    0x0000000000000a59      0x83f ./Core/Src/dma2d.o
 .debug_line    0x0000000000001298      0x914 ./Core/Src/fmc.o
 .debug_line    0x0000000000001bac      0x84e ./Core/Src/gpio.o
 .debug_line    0x00000000000023fa      0x919 ./Core/Src/ltdc.o
 .debug_line    0x0000000000002d13      0x8cf ./Core/Src/main.o
 .debug_line    0x00000000000035e2      0x82c ./Core/Src/sdram.o
 .debug_line    0x0000000000003e0e      0x7f8 ./Core/Src/stm32f4xx_hal_msp.o
 .debug_line    0x0000000000004606      0x8e3 ./Core/Src/stm32f4xx_it.o
 .debug_line    0x0000000000004ee9      0x845 ./Core/Src/system_stm32f4xx.o
 .debug_line    0x000000000000572e      0x863 ./Core/Src/usart.o
 .debug_line    0x0000000000005f91       0x86 ./Core/Startup/startup_stm32f429igtx.o
 .debug_line    0x0000000000006017      0xb12 ./Drivers/STM32F4xx_HAL_Driver/stm32f4xx_hal.o
 .debug_line    0x0000000000006b29      0xd8b ./Drivers/STM32F4xx_HAL_Driver/stm32f4xx_hal_cortex.o
 .debug_line    0x00000000000078b4     0x1040 ./Drivers/STM32F4xx_HAL_Driver/stm32f4xx_hal_dma.o
 .debug_line    0x00000000000088f4     0x1294 ./Drivers/STM32F4xx_HAL_Driver/stm32f4xx_hal_dma2d.o
 .debug_line    0x0000000000009b88      0xc78 ./Drivers/STM32F4xx_HAL_Driver/stm32f4xx_hal_gpio.o
 .debug_line    0x000000000000a800     0x180f ./Drivers/STM32F4xx_HAL_Driver/stm32f4xx_hal_ltdc.o
 .debug_line    0x000000000000c00f      0xa0b ./Drivers/STM32F4xx_HAL_Driver/stm32f4xx_hal_pwr_ex.o
 .debug_line    0x000000000000ca1a      0xe56 ./Drivers/STM32F4xx_HAL_Driver/stm32f4xx_hal_rcc.o
 .debug_line    0x000000000000d870      0xedc ./Drivers/STM32F4xx_HAL_Driver/stm32f4xx_hal_sdram.o
 .debug_line    0x000000000000e74c     0x2b81 ./Drivers/STM32F4xx_HAL_Driver/stm32f4xx_hal_uart.o
 .debug_line    0x00000000000112cd      0xc9e ./Drivers/STM32F4xx_HAL_Driver/stm32f4xx_ll_fmc.o

.debug_str      0x0000000000000000    0xd60da
 .debug_str     0x0000000000000000    0xd1e8f ./Core/Src/LCD_LTDC.o
                                      0xd21e5 (size before relaxing)
 .debug_str     0x00000000000d1e8f      0x14b ./Core/Src/dma2d.o
                                      0xd1ccf (size before relaxing)
 .debug_str     0x00000000000d1fda      0x4f8 ./Core/Src/fmc.o
                                      0xd1fe1 (size before relaxing)
 .debug_str     0x00000000000d24d2      0x5cc ./Core/Src/gpio.o
                                      0xd2056 (size before relaxing)
 .debug_str     0x00000000000d2a9e      0x189 ./Core/Src/ltdc.o
                                      0xd1f11 (size before relaxing)
 .debug_str     0x00000000000d2c27      0x1b1 ./Core/Src/main.o
                                      0xd1cf2 (size before relaxing)
 .debug_str     0x00000000000d2dd8       0xc3 ./Core/Src/sdram.o
                                      0xd1dec (size before relaxing)
 .debug_str     0x00000000000d2e9b       0x49 ./Core/Src/stm32f4xx_hal_msp.o
                                      0xd1a24 (size before relaxing)
 .debug_str     0x00000000000d2ee4      0x2e4 ./Core/Src/stm32f4xx_it.o
                                      0xd1e2e (size before relaxing)
 .debug_str     0x00000000000d31c8       0xf0 ./Core/Src/system_stm32f4xx.o
                                      0xd13d7 (size before relaxing)
 .debug_str     0x00000000000d32b8       0x65 ./Core/Src/usart.o
                                      0xd24ff (size before relaxing)
 .debug_str     0x00000000000d331d       0x36 ./Core/Startup/startup_stm32f429igtx.o
                                         0x7a (size before relaxing)
 .debug_str     0x00000000000d3353      0x656 ./Drivers/STM32F4xx_HAL_Driver/stm32f4xx_hal.o
                                      0xd201c (size before relaxing)
 .debug_str     0x00000000000d39a9      0x357 ./Drivers/STM32F4xx_HAL_Driver/stm32f4xx_hal_cortex.o
                                      0xd1d01 (size before relaxing)
 .debug_str     0x00000000000d3d00      0x355 ./Drivers/STM32F4xx_HAL_Driver/stm32f4xx_hal_dma.o
                                      0xd1800 (size before relaxing)
 .debug_str     0x00000000000d4055      0x38e ./Drivers/STM32F4xx_HAL_Driver/stm32f4xx_hal_dma2d.o
                                      0xd19d5 (size before relaxing)
 .debug_str     0x00000000000d43e3      0x13f ./Drivers/STM32F4xx_HAL_Driver/stm32f4xx_hal_gpio.o
                                      0xd1574 (size before relaxing)
 .debug_str     0x00000000000d4522      0x3b1 ./Drivers/STM32F4xx_HAL_Driver/stm32f4xx_hal_ltdc.o
                                      0xd1a5d (size before relaxing)
 .debug_str     0x00000000000d48d3      0x16c ./Drivers/STM32F4xx_HAL_Driver/stm32f4xx_hal_pwr_ex.o
                                      0xd15d1 (size before relaxing)
 .debug_str     0x00000000000d4a3f      0x26a ./Drivers/STM32F4xx_HAL_Driver/stm32f4xx_hal_rcc.o
                                      0xd182d (size before relaxing)
 .debug_str     0x00000000000d4ca9      0x399 ./Drivers/STM32F4xx_HAL_Driver/stm32f4xx_hal_sdram.o
                                      0xd1b19 (size before relaxing)
 .debug_str     0x00000000000d5042      0x629 ./Drivers/STM32F4xx_HAL_Driver/stm32f4xx_hal_uart.o
                                      0xd1db9 (size before relaxing)
 .debug_str     0x00000000000d566b      0xa6f ./Drivers/STM32F4xx_HAL_Driver/stm32f4xx_ll_fmc.o
                                      0xd1fe3 (size before relaxing)

.comment        0x0000000000000000       0x50
 .comment       0x0000000000000000       0x50 ./Core/Src/LCD_LTDC.o
                                         0x51 (size before relaxing)
 .comment       0x0000000000000050       0x51 ./Core/Src/dma2d.o
 .comment       0x0000000000000050       0x51 ./Core/Src/fmc.o
 .comment       0x0000000000000050       0x51 ./Core/Src/gpio.o
 .comment       0x0000000000000050       0x51 ./Core/Src/ltdc.o
 .comment       0x0000000000000050       0x51 ./Core/Src/main.o
 .comment       0x0000000000000050       0x51 ./Core/Src/sdram.o
 .comment       0x0000000000000050       0x51 ./Core/Src/stm32f4xx_hal_msp.o
 .comment       0x0000000000000050       0x51 ./Core/Src/stm32f4xx_it.o
 .comment       0x0000000000000050       0x51 ./Core/Src/system_stm32f4xx.o
 .comment       0x0000000000000050       0x51 ./Core/Src/usart.o
 .comment       0x0000000000000050       0x51 ./Drivers/STM32F4xx_HAL_Driver/stm32f4xx_hal.o
 .comment       0x0000000000000050       0x51 ./Drivers/STM32F4xx_HAL_Driver/stm32f4xx_hal_cortex.o
 .comment       0x0000000000000050       0x51 ./Drivers/STM32F4xx_HAL_Driver/stm32f4xx_hal_dma.o
 .comment       0x0000000000000050       0x51 ./Drivers/STM32F4xx_HAL_Driver/stm32f4xx_hal_dma2d.o
 .comment       0x0000000000000050       0x51 ./Drivers/STM32F4xx_HAL_Driver/stm32f4xx_hal_gpio.o
 .comment       0x0000000000000050       0x51 ./Drivers/STM32F4xx_HAL_Driver/stm32f4xx_hal_ltdc.o
 .comment       0x0000000000000050       0x51 ./Drivers/STM32F4xx_HAL_Driver/stm32f4xx_hal_pwr_ex.o
 .comment       0x0000000000000050       0x51 ./Drivers/STM32F4xx_HAL_Driver/stm32f4xx_hal_rcc.o
 .comment       0x0000000000000050       0x51 ./Drivers/STM32F4xx_HAL_Driver/stm32f4xx_hal_sdram.o
 .comment       0x0000000000000050       0x51 ./Drivers/STM32F4xx_HAL_Driver/stm32f4xx_hal_uart.o
 .comment       0x0000000000000050       0x51 ./Drivers/STM32F4xx_HAL_Driver/stm32f4xx_ll_fmc.o

.debug_frame    0x0000000000000000     0x3334
 .debug_frame   0x0000000000000000      0x220 ./Core/Src/LCD_LTDC.o
 .debug_frame   0x0000000000000220       0x7c ./Core/Src/dma2d.o
 .debug_frame   0x000000000000029c       0xbc ./Core/Src/fmc.o
 .debug_frame   0x0000000000000358       0x34 ./Core/Src/gpio.o
 .debug_frame   0x000000000000038c       0x7c ./Core/Src/ltdc.o
 .debug_frame   0x0000000000000408       0x74 ./Core/Src/main.o
 .debug_frame   0x000000000000047c       0x50 ./Core/Src/sdram.o
 .debug_frame   0x00000000000004cc       0x34 ./Core/Src/stm32f4xx_hal_msp.o
 .debug_frame   0x0000000000000500      0x144 ./Core/Src/stm32f4xx_it.o
 .debug_frame   0x0000000000000644       0x58 ./Core/Src/system_stm32f4xx.o
 .debug_frame   0x000000000000069c       0x74 ./Core/Src/usart.o
 .debug_frame   0x0000000000000710      0x3b4 ./Drivers/STM32F4xx_HAL_Driver/stm32f4xx_hal.o
 .debug_frame   0x0000000000000ac4      0x498 ./Drivers/STM32F4xx_HAL_Driver/stm32f4xx_hal_cortex.o
 .debug_frame   0x0000000000000f5c      0x250 ./Drivers/STM32F4xx_HAL_Driver/stm32f4xx_hal_dma.o
 .debug_frame   0x00000000000011ac      0x4e0 ./Drivers/STM32F4xx_HAL_Driver/stm32f4xx_hal_dma2d.o
 .debug_frame   0x000000000000168c      0x14c ./Drivers/STM32F4xx_HAL_Driver/stm32f4xx_hal_gpio.o
 .debug_frame   0x00000000000017d8      0x61c ./Drivers/STM32F4xx_HAL_Driver/stm32f4xx_hal_ltdc.o
 .debug_frame   0x0000000000001df4      0x14c ./Drivers/STM32F4xx_HAL_Driver/stm32f4xx_hal_pwr_ex.o
 .debug_frame   0x0000000000001f40      0x1f4 ./Drivers/STM32F4xx_HAL_Driver/stm32f4xx_hal_rcc.o
 .debug_frame   0x0000000000002134      0x3e8 ./Drivers/STM32F4xx_HAL_Driver/stm32f4xx_hal_sdram.o
 .debug_frame   0x000000000000251c      0x92c ./Drivers/STM32F4xx_HAL_Driver/stm32f4xx_hal_uart.o
 .debug_frame   0x0000000000002e48      0x440 ./Drivers/STM32F4xx_HAL_Driver/stm32f4xx_ll_fmc.o
 .debug_frame   0x0000000000003288       0x2c /opt/st/stm32cubeide_1.10.0/plugins/com.st.stm32cube.ide.mcu.externaltools.gnu-tools-for-stm32.10.3-2021.10.linux64_1.0.0.202111181127/tools/bin/../lib/gcc/arm-none-eabi/10.3.1/../../../../arm-none-eabi/lib/thumb/v7e-m+fp/hard/libc_nano.a(lib_a-init.o)
 .debug_frame   0x00000000000032b4       0x20 /opt/st/stm32cubeide_1.10.0/plugins/com.st.stm32cube.ide.mcu.externaltools.gnu-tools-for-stm32.10.3-2021.10.linux64_1.0.0.202111181127/tools/bin/../lib/gcc/arm-none-eabi/10.3.1/../../../../arm-none-eabi/lib/thumb/v7e-m+fp/hard/libc_nano.a(lib_a-memset.o)
 .debug_frame   0x00000000000032d4       0x2c /opt/st/stm32cubeide_1.10.0/plugins/com.st.stm32cube.ide.mcu.externaltools.gnu-tools-for-stm32.10.3-2021.10.linux64_1.0.0.202111181127/tools/bin/../lib/gcc/arm-none-eabi/10.3.1/thumb/v7e-m+fp/hard/libgcc.a(_aeabi_uldivmod.o)
 .debug_frame   0x0000000000003300       0x34 /opt/st/stm32cubeide_1.10.0/plugins/com.st.stm32cube.ide.mcu.externaltools.gnu-tools-for-stm32.10.3-2021.10.linux64_1.0.0.202111181127/tools/bin/../lib/gcc/arm-none-eabi/10.3.1/thumb/v7e-m+fp/hard/libgcc.a(_udivmoddi4.o)
